Nothing to build in platform 'grad_proj_platform'

14:39:00 **** Incremental Build of configuration Debug for project grad_proj_application ****
make all 
Building file: ../src/bsp.c
Invoking: MicroBlaze gcc compiler
mb-gcc -Wall -O0 -g3 -c -fmessage-length=0 -MT"src/bsp.o" -I/home/jasonwang/Desktop/ece253/grad_proj/vitis/grad_proj_platform/export/grad_proj_platform/sw/grad_proj_platform/standalone_domain/bspinclude/include -mlittle-endian -mxl-barrel-shift -mxl-pattern-compare -mno-xl-soft-div -mcpu=v11.0 -mno-xl-soft-mul -mhard-float -mxl-float-convert -mxl-float-sqrt -Wl,--no-relax -ffunction-sections -fdata-sections -MMD -MP -MF"src/bsp.d" -MT"src/bsp.o" -o "src/bsp.o" "../src/bsp.c"
In file included from ../src/bsp.h:10,
                 from ../src/bsp.c:1:
/home/jasonwang/Desktop/ece253/grad_proj/vitis/grad_proj_platform/export/grad_proj_platform/sw/grad_proj_platform/standalone_domain/bspinclude/include/xbasic_types.h:102:2: warning: #warning The xbasics_type.h file is deprecated and users should use xil_types.h and xil_assert. [-Wcpp]
  102 | #warning  The xbasics_type.h file is deprecated and users should use xil_types.h and xil_assert.
      |  ^~~~~~~
/home/jasonwang/Desktop/ece253/grad_proj/vitis/grad_proj_platform/export/grad_proj_platform/sw/grad_proj_platform/standalone_domain/bspinclude/include/xbasic_types.h:103:2: warning: #warning Please refer the Standalone BSP UG647 for further details [-Wcpp]
  103 | #warning  Please refer the Standalone BSP UG647 for further details
      |  ^~~~~~~
Finished building: ../src/bsp.c
 
Building target: grad_proj_application.elf
Invoking: MicroBlaze gcc linker
mb-gcc -Wl,-T -Wl,../src/lscript.ld -L/home/jasonwang/Desktop/ece253/grad_proj/vitis/grad_proj_platform/export/grad_proj_platform/sw/grad_proj_platform/standalone_domain/bsplib/lib -mlittle-endian -mxl-barrel-shift -mxl-pattern-compare -mno-xl-soft-div -mcpu=v11.0 -mno-xl-soft-mul -mhard-float -mxl-float-convert -mxl-float-sqrt -Wl,--no-relax -Wl,--gc-sections -o "grad_proj_application.elf"  ./src/bsp.o ./src/main.o   -Wl,--start-group,-lxil,-lgcc,-lc,--end-group
Finished building target: grad_proj_application.elf
 
Invoking: MicroBlaze Print Size
mb-size grad_proj_application.elf  |tee "grad_proj_application.elf.size"
   text	   data	    bss	    dec	    hex	filename
  10188	    380	   8488	  19056	   4a70	grad_proj_application.elf
Finished building: grad_proj_application.elf.size
 
